
  .   ____          _            __ _ _
 /\\ / ___'_ __ _ _(_)_ __  __ _ \ \ \ \
( ( )\___ | '_ | '_| | '_ \/ _` | \ \ \ \
 \\/  ___)| |_)| | | | | || (_| |  ) ) ) )
  '  |____| .__|_| |_|_| |_\__, | / / / /
 =========|_|==============|___/=/_/_/_/

 :: Spring Boot ::               (v3.5.16)

2026-09-19T19:02:51.883+08:00  INFO 30156 --- [oj] [           main] com.oj.OjApplication                     : Starting OjApplication v0.0.1-SNAPSHOT using Java 26 with PID 30156 (C:\Users\10600\Desktop\oj\target\oj-0.0.1-SNAPSHOT.jar started by 10600 in C:\Users\10600\Desktop\oj)
2026-09-19T19:02:51.887+08:00  INFO 30156 --- [oj] [           main] com.oj.OjApplication                     : The following 1 profile is active: "prod"
2026-09-19T19:02:52.894+08:00  INFO 30156 --- [oj] [           main] .s.d.r.c.RepositoryConfigurationDelegate : Multiple Spring Data modules found, entering strict repository configuration mode
2026-09-19T19:02:52.897+08:00  INFO 30156 --- [oj] [           main] .s.d.r.c.RepositoryConfigurationDelegate : Bootstrapping Spring Data Redis repositories in DEFAULT mode.
2026-09-19T19:02:52.935+08:00  INFO 30156 --- [oj] [           main] .s.d.r.c.RepositoryConfigurationDelegate : Finished Spring Data repository scanning in 14 ms. Found 0 Redis repository interfaces.
2026-09-19T19:02:53.817+08:00  INFO 30156 --- [oj] [           main] o.s.b.w.embedded.tomcat.TomcatWebServer  : Tomcat initialized with port 8088 (http)
2026-09-19T19:02:53.839+08:00  INFO 30156 --- [oj] [           main] o.apache.catalina.core.StandardService   : Starting service [Tomcat]
2026-09-19T19:02:53.840+08:00  INFO 30156 --- [oj] [           main] o.apache.catalina.core.StandardEngine    : Starting Servlet engine: [Apache Tomcat/10.1.55]
2026-09-19T19:02:53.888+08:00  INFO 30156 --- [oj] [           main] o.a.c.c.C.[Tomcat].[localhost].[/]       : Initializing Spring embedded WebApplicationContext
2026-09-19T19:02:53.889+08:00  INFO 30156 --- [oj] [           main] w.s.c.ServletWebServerApplicationContext : Root WebApplicationContext: initialization completed in 1938 ms
WARNING: A terminally deprecated method in sun.misc.Unsafe has been called
WARNING: sun.misc.Unsafe::allocateMemory has been called by io.netty.util.internal.PlatformDependent0$2 (jar:nested:/C:/Users/10600/Desktop/oj/target/oj-0.0.1-SNAPSHOT.jar/!BOOT-INF/lib/netty-common-4.1.135.Final.jar!/)
WARNING: Please consider reporting this to the maintainers of class io.netty.util.internal.PlatformDependent0$2
WARNING: sun.misc.Unsafe::allocateMemory will be removed in a future release
2026-09-19T19:02:55.627+08:00  INFO 30156 --- [oj] [           main] b.m.s.MybatisPlusApplicationContextAware : Register ApplicationContext instances org.springframework.boot.web.servlet.context.AnnotationConfigServletWebServerApplicationContext@4f25b795
2026-09-19T19:02:55.861+08:00  INFO 30156 --- [oj] [           main] o.s.b.w.embedded.tomcat.TomcatWebServer  : Tomcat started on port 8088 (http) with context path '/'
2026-09-19T19:02:55.876+08:00  INFO 30156 --- [oj] [           main] com.oj.OjApplication                     : Started OjApplication in 4.67 seconds (process running for 5.278)
2026-09-19T19:03:37.261+08:00  INFO 30156 --- [oj] [nio-8088-exec-1] o.a.c.c.C.[Tomcat].[localhost].[/]       : Initializing Spring DispatcherServlet 'dispatcherServlet'
2026-09-19T19:03:37.261+08:00  INFO 30156 --- [oj] [nio-8088-exec-1] o.s.web.servlet.DispatcherServlet        : Initializing Servlet 'dispatcherServlet'
2026-09-19T19:03:37.262+08:00  INFO 30156 --- [oj] [nio-8088-exec-1] o.s.web.servlet.DispatcherServlet        : Completed initialization in 1 ms
2026-09-19T19:03:38.274+08:00  INFO 30156 --- [oj] [nio-8088-exec-4] com.zaxxer.hikari.HikariDataSource       : HikariPool-1 - Starting...
2026-09-19T19:03:38.485+08:00  INFO 30156 --- [oj] [nio-8088-exec-4] com.zaxxer.hikari.pool.HikariPool        : HikariPool-1 - Added connection com.mysql.cj.jdbc.ConnectionImpl@73605618
2026-09-19T19:03:38.487+08:00  INFO 30156 --- [oj] [nio-8088-exec-4] com.zaxxer.hikari.HikariDataSource       : HikariPool-1 - Start completed.
